  Determining projects to restore...
  All projects are up-to-date for restore.
  BudgetControl.Domain -> C:\Ideassion\AI Project\BudgetControle\server\src\BudgetControl.Domain\bin\Debug\net8.0\BudgetControl.Domain.dll
  BudgetControl.Application -> C:\Ideassion\AI Project\BudgetControle\server\src\BudgetControl.Application\bin\Debug\net8.0\BudgetControl.Application.dll
  BudgetControl.Infrastructure -> C:\Ideassion\AI Project\BudgetControle\server\src\BudgetControl.Infrastructure\bin\Debug\net8.0\BudgetControl.Infrastructure.dll
C:\Program Files\dotnet\sdk\9.0.308\Microsoft.Common.CurrentVersion.targets(5093,5): warning MSB3026: Could not copy "C:\Ideassion\AI Project\BudgetControle\server\src\BudgetControl.Infrastructure\bin\Debug\net8.0\BudgetControl.Infrastructure.dll" to "bin\Debug\net8.0\BudgetControl.Infrastructure.dll". Beginning retry 1 in 1000ms. The process cannot access the file 'C:\Ideassion\AI Project\BudgetControle\server\src\BudgetControl.API\bin\Debug\net8.0\BudgetControl.Infrastructure.dll' because it is being used by another process. The file is locked by: "BudgetControl.API (31020)" [C:\Ideassion\AI Project\BudgetControle\server\src\BudgetControl.API\BudgetControl.API.csproj]
C:\Program Files\dotnet\sdk\9.0.308\Microsoft.Common.CurrentVersion.targets(5093,5): warning MSB3026: Could not copy "C:\Ideassion\AI Project\BudgetControle\server\src\BudgetControl.Domain\bin\Debug\net8.0\BudgetControl.Domain.dll" to "bin\Debug\net8.0\BudgetControl.Domain.dll". Beginning retry 1 in 1000ms. The process cannot access the file 'C:\Ideassion\AI Project\BudgetControle\server\src\BudgetControl.API\bin\Debug\net8.0\BudgetControl.Domain.dll' because it is being used by another process. The file is locked by: "BudgetControl.API (31020)" [C:\Ideassion\AI Project\BudgetControle\server\src\BudgetControl.API\BudgetControl.API.csproj]
C:\Program Files\dotnet\sdk\9.0.308\Microsoft.Common.CurrentVersion.targets(5093,5): warning MSB3026: Could not copy "C:\Ideassion\AI Project\BudgetControle\server\src\BudgetControl.Application\bin\Debug\net8.0\BudgetControl.Application.dll" to "bin\Debug\net8.0\BudgetControl.Application.dll". Beginning retry 1 in 1000ms. The process cannot access the file 'C:\Ideassion\AI Project\BudgetControle\server\src\BudgetControl.API\bin\Debug\net8.0\BudgetControl.Application.dll' because it is being used by another process. The file is locked by: "BudgetControl.API (31020)" [C:\Ideassion\AI Project\BudgetControle\server\src\BudgetControl.API\BudgetControl.API.csproj]
C:\Program Files\dotnet\sdk\9.0.308\Microsoft.Common.CurrentVersion.targets(5093,5): warning MSB3026: Could not copy "C:\Ideassion\AI Project\BudgetControle\server\src\BudgetControl.Infrastructure\bin\Debug\net8.0\BudgetControl.Infrastructure.dll" to "bin\Debug\net8.0\BudgetControl.Infrastructure.dll". Beginning retry 2 in 1000ms. The process cannot access the file 'C:\Ideassion\AI Project\BudgetControle\server\src\BudgetControl.API\bin\Debug\net8.0\BudgetControl.Infrastructure.dll' because it is being used by another process. The file is locked by: "BudgetControl.API (31020)" [C:\Ideassion\AI Project\BudgetControle\server\src\BudgetControl.API\BudgetControl.API.csproj]
C:\Program Files\dotnet\sdk\9.0.308\Microsoft.Common.CurrentVersion.targets(5093,5): warning MSB3026: Could not copy "C:\Ideassion\AI Project\BudgetControle\server\src\BudgetControl.Domain\bin\Debug\net8.0\BudgetControl.Domain.dll" to "bin\Debug\net8.0\BudgetControl.Domain.dll". Beginning retry 2 in 1000ms. The process cannot access the file 'C:\Ideassion\AI Project\BudgetControle\server\src\BudgetControl.API\bin\Debug\net8.0\BudgetControl.Domain.dll' because it is being used by another process. The file is locked by: "BudgetControl.API (31020)" [C:\Ideassion\AI Project\BudgetControle\server\src\BudgetControl.API\BudgetControl.API.csproj]
C:\Program Files\dotnet\sdk\9.0.308\Microsoft.Common.CurrentVersion.targets(5093,5): warning MSB3026: Could not copy "C:\Ideassion\AI Project\BudgetControle\server\src\BudgetControl.Application\bin\Debug\net8.0\BudgetControl.Application.dll" to "bin\Debug\net8.0\BudgetControl.Application.dll". Beginning retry 2 in 1000ms. The process cannot access the file 'C:\Ideassion\AI Project\BudgetControle\server\src\BudgetControl.API\bin\Debug\net8.0\BudgetControl.Application.dll' because it is being used by another process. The file is locked by: "BudgetControl.API (31020)" [C:\Ideassion\AI Project\BudgetControle\server\src\BudgetControl.API\BudgetControl.API.csproj]
C:\Program Files\dotnet\sdk\9.0.308\Microsoft.Common.CurrentVersion.targets(5093,5): warning MSB3026: Could not copy "C:\Ideassion\AI Project\BudgetControle\server\src\BudgetControl.Infrastructure\bin\Debug\net8.0\BudgetControl.Infrastructure.dll" to "bin\Debug\net8.0\BudgetControl.Infrastructure.dll". Beginning retry 3 in 1000ms. The process cannot access the file 'C:\Ideassion\AI Project\BudgetControle\server\src\BudgetControl.API\bin\Debug\net8.0\BudgetControl.Infrastructure.dll' because it is being used by another process. The file is locked by: "BudgetControl.API (31020)" [C:\Ideassion\AI Project\BudgetControle\server\src\BudgetControl.API\BudgetControl.API.csproj]
C:\Program Files\dotnet\sdk\9.0.308\Microsoft.Common.CurrentVersion.targets(5093,5): warning MSB3026: Could not copy "C:\Ideassion\AI Project\BudgetControle\server\src\BudgetControl.Application\bin\Debug\net8.0\BudgetControl.Application.dll" to "bin\Debug\net8.0\BudgetControl.Application.dll". Beginning retry 3 in 1000ms. The process cannot access the file 'C:\Ideassion\AI Project\BudgetControle\server\src\BudgetControl.API\bin\Debug\net8.0\BudgetControl.Application.dll' because it is being used by another process. The file is locked by: "BudgetControl.API (31020)" [C:\Ideassion\AI Project\BudgetControle\server\src\BudgetControl.API\BudgetControl.API.csproj]
C:\Program Files\dotnet\sdk\9.0.308\Microsoft.Common.CurrentVersion.targets(5093,5): warning MSB3026: Could not copy "C:\Ideassion\AI Project\BudgetControle\server\src\BudgetControl.Domain\bin\Debug\net8.0\BudgetControl.Domain.dll" to "bin\Debug\net8.0\BudgetControl.Domain.dll". Beginning retry 3 in 1000ms. The process cannot access the file 'C:\Ideassion\AI Project\BudgetControle\server\src\BudgetControl.API\bin\Debug\net8.0\BudgetControl.Domain.dll' because it is being used by another process. The file is locked by: "BudgetControl.API (31020)" [C:\Ideassion\AI Project\BudgetControle\server\src\BudgetControl.API\BudgetControl.API.csproj]
C:\Program Files\dotnet\sdk\9.0.308\Microsoft.Common.CurrentVersion.targets(5093,5): warning MSB3026: Could not copy "C:\Ideassion\AI Project\BudgetControle\server\src\BudgetControl.Infrastructure\bin\Debug\net8.0\BudgetControl.Infrastructure.dll" to "bin\Debug\net8.0\BudgetControl.Infrastructure.dll". Beginning retry 4 in 1000ms. The process cannot access the file 'C:\Ideassion\AI Project\BudgetControle\server\src\BudgetControl.API\bin\Debug\net8.0\BudgetControl.Infrastructure.dll' because it is being used by another process. The file is locked by: "BudgetControl.API (31020)" [C:\Ideassion\AI Project\BudgetControle\server\src\BudgetControl.API\BudgetControl.API.csproj]
C:\Program Files\dotnet\sdk\9.0.308\Microsoft.Common.CurrentVersion.targets(5093,5): warning MSB3026: Could not copy "C:\Ideassion\AI Project\BudgetControle\server\src\BudgetControl.Application\bin\Debug\net8.0\BudgetControl.Application.dll" to "bin\Debug\net8.0\BudgetControl.Application.dll". Beginning retry 4 in 1000ms. The process cannot access the file 'C:\Ideassion\AI Project\BudgetControle\server\src\BudgetControl.API\bin\Debug\net8.0\BudgetControl.Application.dll' because it is being used by another process. The file is locked by: "BudgetControl.API (31020)" [C:\Ideassion\AI Project\BudgetControle\server\src\BudgetControl.API\BudgetControl.API.csproj]
C:\Program Files\dotnet\sdk\9.0.308\Microsoft.Common.CurrentVersion.targets(5093,5): warning MSB3026: Could not copy "C:\Ideassion\AI Project\BudgetControle\server\src\BudgetControl.Domain\bin\Debug\net8.0\BudgetControl.Domain.dll" to "bin\Debug\net8.0\BudgetControl.Domain.dll". Beginning retry 4 in 1000ms. The process cannot access the file 'C:\Ideassion\AI Project\BudgetControle\server\src\BudgetControl.API\bin\Debug\net8.0\BudgetControl.Domain.dll' because it is being used by another process. The file is locked by: "BudgetControl.API (31020)" [C:\Ideassion\AI Project\BudgetControle\server\src\BudgetControl.API\BudgetControl.API.csproj]
C:\Program Files\dotnet\sdk\9.0.308\Microsoft.Common.CurrentVersion.targets(5093,5): warning MSB3026: Could not copy "C:\Ideassion\AI Project\BudgetControle\server\src\BudgetControl.Infrastructure\bin\Debug\net8.0\BudgetControl.Infrastructure.dll" to "bin\Debug\net8.0\BudgetControl.Infrastructure.dll". Beginning retry 5 in 1000ms. The process cannot access the file 'C:\Ideassion\AI Project\BudgetControle\server\src\BudgetControl.API\bin\Debug\net8.0\BudgetControl.Infrastructure.dll' because it is being used by another process. The file is locked by: "BudgetControl.API (31020)" [C:\Ideassion\AI Project\BudgetControle\server\src\BudgetControl.API\BudgetControl.API.csproj]
C:\Program Files\dotnet\sdk\9.0.308\Microsoft.Common.CurrentVersion.targets(5093,5): warning MSB3026: Could not copy "C:\Ideassion\AI Project\BudgetControle\server\src\BudgetControl.Domain\bin\Debug\net8.0\BudgetControl.Domain.dll" to "bin\Debug\net8.0\BudgetControl.Domain.dll". Beginning retry 5 in 1000ms. The process cannot access the file 'C:\Ideassion\AI Project\BudgetControle\server\src\BudgetControl.API\bin\Debug\net8.0\BudgetControl.Domain.dll' because it is being used by another process. The file is locked by: "BudgetControl.API (31020)" [C:\Ideassion\AI Project\BudgetControle\server\src\BudgetControl.API\BudgetControl.API.csproj]
C:\Program Files\dotnet\sdk\9.0.308\Microsoft.Common.CurrentVersion.targets(5093,5): warning MSB3026: Could not copy "C:\Ideassion\AI Project\BudgetControle\server\src\BudgetControl.Application\bin\Debug\net8.0\BudgetControl.Application.dll" to "bin\Debug\net8.0\BudgetControl.Application.dll". Beginning retry 5 in 1000ms. The process cannot access the file 'C:\Ideassion\AI Project\BudgetControle\server\src\BudgetControl.API\bin\Debug\net8.0\BudgetControl.Application.dll' because it is being used by another process. The file is locked by: "BudgetControl.API (31020)" [C:\Ideassion\AI Project\BudgetControle\server\src\BudgetControl.API\BudgetControl.API.csproj]
C:\Program Files\dotnet\sdk\9.0.308\Microsoft.Common.CurrentVersion.targets(5093,5): warning MSB3026: Could not copy "C:\Ideassion\AI Project\BudgetControle\server\src\BudgetControl.Infrastructure\bin\Debug\net8.0\BudgetControl.Infrastructure.dll" to "bin\Debug\net8.0\BudgetControl.Infrastructure.dll". Beginning retry 6 in 1000ms. The process cannot access the file 'C:\Ideassion\AI Project\BudgetControle\server\src\BudgetControl.API\bin\Debug\net8.0\BudgetControl.Infrastructure.dll' because it is being used by another process. The file is locked by: "BudgetControl.API (31020)" [C:\Ideassion\AI Project\BudgetControle\server\src\BudgetControl.API\BudgetControl.API.csproj]
C:\Program Files\dotnet\sdk\9.0.308\Microsoft.Common.CurrentVersion.targets(5093,5): warning MSB3026: Could not copy "C:\Ideassion\AI Project\BudgetControle\server\src\BudgetControl.Application\bin\Debug\net8.0\BudgetControl.Application.dll" to "bin\Debug\net8.0\BudgetControl.Application.dll". Beginning retry 6 in 1000ms. The process cannot access the file 'C:\Ideassion\AI Project\BudgetControle\server\src\BudgetControl.API\bin\Debug\net8.0\BudgetControl.Application.dll' because it is being used by another process. The file is locked by: "BudgetControl.API (31020)" [C:\Ideassion\AI Project\BudgetControle\server\src\BudgetControl.API\BudgetControl.API.csproj]
C:\Program Files\dotnet\sdk\9.0.308\Microsoft.Common.CurrentVersion.targets(5093,5): warning MSB3026: Could not copy "C:\Ideassion\AI Project\BudgetControle\server\src\BudgetControl.Domain\bin\Debug\net8.0\BudgetControl.Domain.dll" to "bin\Debug\net8.0\BudgetControl.Domain.dll". Beginning retry 6 in 1000ms. The process cannot access the file 'C:\Ideassion\AI Project\BudgetControle\server\src\BudgetControl.API\bin\Debug\net8.0\BudgetControl.Domain.dll' because it is being used by another process. The file is locked by: "BudgetControl.API (31020)" [C:\Ideassion\AI Project\BudgetControle\server\src\BudgetControl.API\BudgetControl.API.csproj]
C:\Program Files\dotnet\sdk\9.0.308\Microsoft.Common.CurrentVersion.targets(5093,5): warning MSB3026: Could not copy "C:\Ideassion\AI Project\BudgetControle\server\src\BudgetControl.Infrastructure\bin\Debug\net8.0\BudgetControl.Infrastructure.dll" to "bin\Debug\net8.0\BudgetControl.Infrastructure.dll". Beginning retry 7 in 1000ms. The process cannot access the file 'C:\Ideassion\AI Project\BudgetControle\server\src\BudgetControl.API\bin\Debug\net8.0\BudgetControl.Infrastructure.dll' because it is being used by another process. The file is locked by: "BudgetControl.API (31020)" [C:\Ideassion\AI Project\BudgetControle\server\src\BudgetControl.API\BudgetControl.API.csproj]
C:\Program Files\dotnet\sdk\9.0.308\Microsoft.Common.CurrentVersion.targets(5093,5): warning MSB3026: Could not copy "C:\Ideassion\AI Project\BudgetControle\server\src\BudgetControl.Application\bin\Debug\net8.0\BudgetControl.Application.dll" to "bin\Debug\net8.0\BudgetControl.Application.dll". Beginning retry 7 in 1000ms. The process cannot access the file 'C:\Ideassion\AI Project\BudgetControle\server\src\BudgetControl.API\bin\Debug\net8.0\BudgetControl.Application.dll' because it is being used by another process. The file is locked by: "BudgetControl.API (31020)" [C:\Ideassion\AI Project\BudgetControle\server\src\BudgetControl.API\BudgetControl.API.csproj]
C:\Program Files\dotnet\sdk\9.0.308\Microsoft.Common.CurrentVersion.targets(5093,5): warning MSB3026: Could not copy "C:\Ideassion\AI Project\BudgetControle\server\src\BudgetControl.Domain\bin\Debug\net8.0\BudgetControl.Domain.dll" to "bin\Debug\net8.0\BudgetControl.Domain.dll". Beginning retry 7 in 1000ms. The process cannot access the file 'C:\Ideassion\AI Project\BudgetControle\server\src\BudgetControl.API\bin\Debug\net8.0\BudgetControl.Domain.dll' because it is being used by another process. The file is locked by: "BudgetControl.API (31020)" [C:\Ideassion\AI Project\BudgetControle\server\src\BudgetControl.API\BudgetControl.API.csproj]
C:\Program Files\dotnet\sdk\9.0.308\Microsoft.Common.CurrentVersion.targets(5093,5): warning MSB3026: Could not copy "C:\Ideassion\AI Project\BudgetControle\server\src\BudgetControl.Infrastructure\bin\Debug\net8.0\BudgetControl.Infrastructure.dll" to "bin\Debug\net8.0\BudgetControl.Infrastructure.dll". Beginning retry 8 in 1000ms. The process cannot access the file 'C:\Ideassion\AI Project\BudgetControle\server\src\BudgetControl.API\bin\Debug\net8.0\BudgetControl.Infrastructure.dll' because it is being used by another process. The file is locked by: "BudgetControl.API (31020)" [C:\Ideassion\AI Project\BudgetControle\server\src\BudgetControl.API\BudgetControl.API.csproj]
C:\Program Files\dotnet\sdk\9.0.308\Microsoft.Common.CurrentVersion.targets(5093,5): warning MSB3026: Could not copy "C:\Ideassion\AI Project\BudgetControle\server\src\BudgetControl.Domain\bin\Debug\net8.0\BudgetControl.Domain.dll" to "bin\Debug\net8.0\BudgetControl.Domain.dll". Beginning retry 8 in 1000ms. The process cannot access the file 'C:\Ideassion\AI Project\BudgetControle\server\src\BudgetControl.API\bin\Debug\net8.0\BudgetControl.Domain.dll' because it is being used by another process. The file is locked by: "BudgetControl.API (31020)" [C:\Ideassion\AI Project\BudgetControle\server\src\BudgetControl.API\BudgetControl.API.csproj]
C:\Program Files\dotnet\sdk\9.0.308\Microsoft.Common.CurrentVersion.targets(5093,5): warning MSB3026: Could not copy "C:\Ideassion\AI Project\BudgetControle\server\src\BudgetControl.Application\bin\Debug\net8.0\BudgetControl.Application.dll" to "bin\Debug\net8.0\BudgetControl.Application.dll". Beginning retry 8 in 1000ms. The process cannot access the file 'C:\Ideassion\AI Project\BudgetControle\server\src\BudgetControl.API\bin\Debug\net8.0\BudgetControl.Application.dll' because it is being used by another process. The file is locked by: "BudgetControl.API (31020)" [C:\Ideassion\AI Project\BudgetControle\server\src\BudgetControl.API\BudgetControl.API.csproj]
C:\Program Files\dotnet\sdk\9.0.308\Microsoft.Common.CurrentVersion.targets(5093,5): warning MSB3026: Could not copy "C:\Ideassion\AI Project\BudgetControle\server\src\BudgetControl.Infrastructure\bin\Debug\net8.0\BudgetControl.Infrastructure.dll" to "bin\Debug\net8.0\BudgetControl.Infrastructure.dll". Beginning retry 9 in 1000ms. The process cannot access the file 'C:\Ideassion\AI Project\BudgetControle\server\src\BudgetControl.API\bin\Debug\net8.0\BudgetControl.Infrastructure.dll' because it is being used by another process. The file is locked by: "BudgetControl.API (31020)" [C:\Ideassion\AI Project\BudgetControle\server\src\BudgetControl.API\BudgetControl.API.csproj]
C:\Program Files\dotnet\sdk\9.0.308\Microsoft.Common.CurrentVersion.targets(5093,5): warning MSB3026: Could not copy "C:\Ideassion\AI Project\BudgetControle\server\src\BudgetControl.Application\bin\Debug\net8.0\BudgetControl.Application.dll" to "bin\Debug\net8.0\BudgetControl.Application.dll". Beginning retry 9 in 1000ms. The process cannot access the file 'C:\Ideassion\AI Project\BudgetControle\server\src\BudgetControl.API\bin\Debug\net8.0\BudgetControl.Application.dll' because it is being used by another process. The file is locked by: "BudgetControl.API (31020)" [C:\Ideassion\AI Project\BudgetControle\server\src\BudgetControl.API\BudgetControl.API.csproj]
C:\Program Files\dotnet\sdk\9.0.308\Microsoft.Common.CurrentVersion.targets(5093,5): warning MSB3026: Could not copy "C:\Ideassion\AI Project\BudgetControle\server\src\BudgetControl.Domain\bin\Debug\net8.0\BudgetControl.Domain.dll" to "bin\Debug\net8.0\BudgetControl.Domain.dll". Beginning retry 9 in 1000ms. The process cannot access the file 'C:\Ideassion\AI Project\BudgetControle\server\src\BudgetControl.API\bin\Debug\net8.0\BudgetControl.Domain.dll' because it is being used by another process. The file is locked by: "BudgetControl.API (31020)" [C:\Ideassion\AI Project\BudgetControle\server\src\BudgetControl.API\BudgetControl.API.csproj]
C:\Program Files\dotnet\sdk\9.0.308\Microsoft.Common.CurrentVersion.targets(5093,5): warning MSB3026: Could not copy "C:\Ideassion\AI Project\BudgetControle\server\src\BudgetControl.Infrastructure\bin\Debug\net8.0\BudgetControl.Infrastructure.dll" to "bin\Debug\net8.0\BudgetControl.Infrastructure.dll". Beginning retry 10 in 1000ms. The process cannot access the file 'C:\Ideassion\AI Project\BudgetControle\server\src\BudgetControl.API\bin\Debug\net8.0\BudgetControl.Infrastructure.dll' because it is being used by another process. The file is locked by: "BudgetControl.API (31020)" [C:\Ideassion\AI Project\BudgetControle\server\src\BudgetControl.API\BudgetControl.API.csproj]
C:\Program Files\dotnet\sdk\9.0.308\Microsoft.Common.CurrentVersion.targets(5093,5): warning MSB3026: Could not copy "C:\Ideassion\AI Project\BudgetControle\server\src\BudgetControl.Application\bin\Debug\net8.0\BudgetControl.Application.dll" to "bin\Debug\net8.0\BudgetControl.Application.dll". Beginning retry 10 in 1000ms. The process cannot access the file 'C:\Ideassion\AI Project\BudgetControle\server\src\BudgetControl.API\bin\Debug\net8.0\BudgetControl.Application.dll' because it is being used by another process. The file is locked by: "BudgetControl.API (31020)" [C:\Ideassion\AI Project\BudgetControle\server\src\BudgetControl.API\BudgetControl.API.csproj]
C:\Program Files\dotnet\sdk\9.0.308\Microsoft.Common.CurrentVersion.targets(5093,5): warning MSB3026: Could not copy "C:\Ideassion\AI Project\BudgetControle\server\src\BudgetControl.Domain\bin\Debug\net8.0\BudgetControl.Domain.dll" to "bin\Debug\net8.0\BudgetControl.Domain.dll". Beginning retry 10 in 1000ms. The process cannot access the file 'C:\Ideassion\AI Project\BudgetControle\server\src\BudgetControl.API\bin\Debug\net8.0\BudgetControl.Domain.dll' because it is being used by another process. The file is locked by: "BudgetControl.API (31020)" [C:\Ideassion\AI Project\BudgetControle\server\src\BudgetControl.API\BudgetControl.API.csproj]
C:\Program Files\dotnet\sdk\9.0.308\Microsoft.Common.CurrentVersion.targets(5093,5): error MSB3027: Could not copy "C:\Ideassion\AI Project\BudgetControle\server\src\BudgetControl.Infrastructure\bin\Debug\net8.0\BudgetControl.Infrastructure.dll" to "bin\Debug\net8.0\BudgetControl.Infrastructure.dll". Exceeded retry count of 10. Failed. The file is locked by: "BudgetControl.API (31020)" [C:\Ideassion\AI Project\BudgetControle\server\src\BudgetControl.API\BudgetControl.API.csproj]
C:\Program Files\dotnet\sdk\9.0.308\Microsoft.Common.CurrentVersion.targets(5093,5): error MSB3021: Unable to copy file "C:\Ideassion\AI Project\BudgetControle\server\src\BudgetControl.Infrastructure\bin\Debug\net8.0\BudgetControl.Infrastructure.dll" to "bin\Debug\net8.0\BudgetControl.Infrastructure.dll". The process cannot access the file 'C:\Ideassion\AI Project\BudgetControle\server\src\BudgetControl.API\bin\Debug\net8.0\BudgetControl.Infrastructure.dll' because it is being used by another process. [C:\Ideassion\AI Project\BudgetControle\server\src\BudgetControl.API\BudgetControl.API.csproj]
C:\Program Files\dotnet\sdk\9.0.308\Microsoft.Common.CurrentVersion.targets(5093,5): error MSB3027: Could not copy "C:\Ideassion\AI Project\BudgetControle\server\src\BudgetControl.Domain\bin\Debug\net8.0\BudgetControl.Domain.dll" to "bin\Debug\net8.0\BudgetControl.Domain.dll". Exceeded retry count of 10. Failed. The file is locked by: "BudgetControl.API (31020)" [C:\Ideassion\AI Project\BudgetControle\server\src\BudgetControl.API\BudgetControl.API.csproj]
C:\Program Files\dotnet\sdk\9.0.308\Microsoft.Common.CurrentVersion.targets(5093,5): error MSB3021: Unable to copy file "C:\Ideassion\AI Project\BudgetControle\server\src\BudgetControl.Domain\bin\Debug\net8.0\BudgetControl.Domain.dll" to "bin\Debug\net8.0\BudgetControl.Domain.dll". The process cannot access the file 'C:\Ideassion\AI Project\BudgetControle\server\src\BudgetControl.API\bin\Debug\net8.0\BudgetControl.Domain.dll' because it is being used by another process. [C:\Ideassion\AI Project\BudgetControle\server\src\BudgetControl.API\BudgetControl.API.csproj]
C:\Program Files\dotnet\sdk\9.0.308\Microsoft.Common.CurrentVersion.targets(5093,5): error MSB3027: Could not copy "C:\Ideassion\AI Project\BudgetControle\server\src\BudgetControl.Application\bin\Debug\net8.0\BudgetControl.Application.dll" to "bin\Debug\net8.0\BudgetControl.Application.dll". Exceeded retry count of 10. Failed. The file is locked by: "BudgetControl.API (31020)" [C:\Ideassion\AI Project\BudgetControle\server\src\BudgetControl.API\BudgetControl.API.csproj]
C:\Program Files\dotnet\sdk\9.0.308\Microsoft.Common.CurrentVersion.targets(5093,5): error MSB3021: Unable to copy file "C:\Ideassion\AI Project\BudgetControle\server\src\BudgetControl.Application\bin\Debug\net8.0\BudgetControl.Application.dll" to "bin\Debug\net8.0\BudgetControl.Application.dll". The process cannot access the file 'C:\Ideassion\AI Project\BudgetControle\server\src\BudgetControl.API\bin\Debug\net8.0\BudgetControl.Application.dll' because it is being used by another process. [C:\Ideassion\AI Project\BudgetControle\server\src\BudgetControl.API\BudgetControl.API.csproj]

Build FAILED.

C:\Program Files\dotnet\sdk\9.0.308\Microsoft.Common.CurrentVersion.targets(5093,5): warning MSB3026: Could not copy "C:\Ideassion\AI Project\BudgetControle\server\src\BudgetControl.Infrastructure\bin\Debug\net8.0\BudgetControl.Infrastructure.dll" to "bin\Debug\net8.0\BudgetControl.Infrastructure.dll". Beginning retry 1 in 1000ms. The process cannot access the file 'C:\Ideassion\AI Project\BudgetControle\server\src\BudgetControl.API\bin\Debug\net8.0\BudgetControl.Infrastructure.dll' because it is being used by another process. The file is locked by: "BudgetControl.API (31020)" [C:\Ideassion\AI Project\BudgetControle\server\src\BudgetControl.API\BudgetControl.API.csproj]
C:\Program Files\dotnet\sdk\9.0.308\Microsoft.Common.CurrentVersion.targets(5093,5): warning MSB3026: Could not copy "C:\Ideassion\AI Project\BudgetControle\server\src\BudgetControl.Domain\bin\Debug\net8.0\BudgetControl.Domain.dll" to "bin\Debug\net8.0\BudgetControl.Domain.dll". Beginning retry 1 in 1000ms. The process cannot access the file 'C:\Ideassion\AI Project\BudgetControle\server\src\BudgetControl.API\bin\Debug\net8.0\BudgetControl.Domain.dll' because it is being used by another process. The file is locked by: "BudgetControl.API (31020)" [C:\Ideassion\AI Project\BudgetControle\server\src\BudgetControl.API\BudgetControl.API.csproj]
C:\Program Files\dotnet\sdk\9.0.308\Microsoft.Common.CurrentVersion.targets(5093,5): warning MSB3026: Could not copy "C:\Ideassion\AI Project\BudgetControle\server\src\BudgetControl.Application\bin\Debug\net8.0\BudgetControl.Application.dll" to "bin\Debug\net8.0\BudgetControl.Application.dll". Beginning retry 1 in 1000ms. The process cannot access the file 'C:\Ideassion\AI Project\BudgetControle\server\src\BudgetControl.API\bin\Debug\net8.0\BudgetControl.Application.dll' because it is being used by another process. The file is locked by: "BudgetControl.API (31020)" [C:\Ideassion\AI Project\BudgetControle\server\src\BudgetControl.API\BudgetControl.API.csproj]
C:\Program Files\dotnet\sdk\9.0.308\Microsoft.Common.CurrentVersion.targets(5093,5): warning MSB3026: Could not copy "C:\Ideassion\AI Project\BudgetControle\server\src\BudgetControl.Infrastructure\bin\Debug\net8.0\BudgetControl.Infrastructure.dll" to "bin\Debug\net8.0\BudgetControl.Infrastructure.dll". Beginning retry 2 in 1000ms. The process cannot access the file 'C:\Ideassion\AI Project\BudgetControle\server\src\BudgetControl.API\bin\Debug\net8.0\BudgetControl.Infrastructure.dll' because it is being used by another process. The file is locked by: "BudgetControl.API (31020)" [C:\Ideassion\AI Project\BudgetControle\server\src\BudgetControl.API\BudgetControl.API.csproj]
C:\Program Files\dotnet\sdk\9.0.308\Microsoft.Common.CurrentVersion.targets(5093,5): warning MSB3026: Could not copy "C:\Ideassion\AI Project\BudgetControle\server\src\BudgetControl.Domain\bin\Debug\net8.0\BudgetControl.Domain.dll" to "bin\Debug\net8.0\BudgetControl.Domain.dll". Beginning retry 2 in 1000ms. The process cannot access the file 'C:\Ideassion\AI Project\BudgetControle\server\src\BudgetControl.API\bin\Debug\net8.0\BudgetControl.Domain.dll' because it is being used by another process. The file is locked by: "BudgetControl.API (31020)" [C:\Ideassion\AI Project\BudgetControle\server\src\BudgetControl.API\BudgetControl.API.csproj]
C:\Program Files\dotnet\sdk\9.0.308\Microsoft.Common.CurrentVersion.targets(5093,5): warning MSB3026: Could not copy "C:\Ideassion\AI Project\BudgetControle\server\src\BudgetControl.Application\bin\Debug\net8.0\BudgetControl.Application.dll" to "bin\Debug\net8.0\BudgetControl.Application.dll". Beginning retry 2 in 1000ms. The process cannot access the file 'C:\Ideassion\AI Project\BudgetControle\server\src\BudgetControl.API\bin\Debug\net8.0\BudgetControl.Application.dll' because it is being used by another process. The file is locked by: "BudgetControl.API (31020)" [C:\Ideassion\AI Project\BudgetControle\server\src\BudgetControl.API\BudgetControl.API.csproj]
C:\Program Files\dotnet\sdk\9.0.308\Microsoft.Common.CurrentVersion.targets(5093,5): warning MSB3026: Could not copy "C:\Ideassion\AI Project\BudgetControle\server\src\BudgetControl.Infrastructure\bin\Debug\net8.0\BudgetControl.Infrastructure.dll" to "bin\Debug\net8.0\BudgetControl.Infrastructure.dll". Beginning retry 3 in 1000ms. The process cannot access the file 'C:\Ideassion\AI Project\BudgetControle\server\src\BudgetControl.API\bin\Debug\net8.0\BudgetControl.Infrastructure.dll' because it is being used by another process. The file is locked by: "BudgetControl.API (31020)" [C:\Ideassion\AI Project\BudgetControle\server\src\BudgetControl.API\BudgetControl.API.csproj]
C:\Program Files\dotnet\sdk\9.0.308\Microsoft.Common.CurrentVersion.targets(5093,5): warning MSB3026: Could not copy "C:\Ideassion\AI Project\BudgetControle\server\src\BudgetControl.Application\bin\Debug\net8.0\BudgetControl.Application.dll" to "bin\Debug\net8.0\BudgetControl.Application.dll". Beginning retry 3 in 1000ms. The process cannot access the file 'C:\Ideassion\AI Project\BudgetControle\server\src\BudgetControl.API\bin\Debug\net8.0\BudgetControl.Application.dll' because it is being used by another process. The file is locked by: "BudgetControl.API (31020)" [C:\Ideassion\AI Project\BudgetControle\server\src\BudgetControl.API\BudgetControl.API.csproj]
C:\Program Files\dotnet\sdk\9.0.308\Microsoft.Common.CurrentVersion.targets(5093,5): warning MSB3026: Could not copy "C:\Ideassion\AI Project\BudgetControle\server\src\BudgetControl.Domain\bin\Debug\net8.0\BudgetControl.Domain.dll" to "bin\Debug\net8.0\BudgetControl.Domain.dll". Beginning retry 3 in 1000ms. The process cannot access the file 'C:\Ideassion\AI Project\BudgetControle\server\src\BudgetControl.API\bin\Debug\net8.0\BudgetControl.Domain.dll' because it is being used by another process. The file is locked by: "BudgetControl.API (31020)" [C:\Ideassion\AI Project\BudgetControle\server\src\BudgetControl.API\BudgetControl.API.csproj]
C:\Program Files\dotnet\sdk\9.0.308\Microsoft.Common.CurrentVersion.targets(5093,5): warning MSB3026: Could not copy "C:\Ideassion\AI Project\BudgetControle\server\src\BudgetControl.Infrastructure\bin\Debug\net8.0\BudgetControl.Infrastructure.dll" to "bin\Debug\net8.0\BudgetControl.Infrastructure.dll". Beginning retry 4 in 1000ms. The process cannot access the file 'C:\Ideassion\AI Project\BudgetControle\server\src\BudgetControl.API\bin\Debug\net8.0\BudgetControl.Infrastructure.dll' because it is being used by another process. The file is locked by: "BudgetControl.API (31020)" [C:\Ideassion\AI Project\BudgetControle\server\src\BudgetControl.API\BudgetControl.API.csproj]
C:\Program Files\dotnet\sdk\9.0.308\Microsoft.Common.CurrentVersion.targets(5093,5): warning MSB3026: Could not copy "C:\Ideassion\AI Project\BudgetControle\server\src\BudgetControl.Application\bin\Debug\net8.0\BudgetControl.Application.dll" to "bin\Debug\net8.0\BudgetControl.Application.dll". Beginning retry 4 in 1000ms. The process cannot access the file 'C:\Ideassion\AI Project\BudgetControle\server\src\BudgetControl.API\bin\Debug\net8.0\BudgetControl.Application.dll' because it is being used by another process. The file is locked by: "BudgetControl.API (31020)" [C:\Ideassion\AI Project\BudgetControle\server\src\BudgetControl.API\BudgetControl.API.csproj]
C:\Program Files\dotnet\sdk\9.0.308\Microsoft.Common.CurrentVersion.targets(5093,5): warning MSB3026: Could not copy "C:\Ideassion\AI Project\BudgetControle\server\src\BudgetControl.Domain\bin\Debug\net8.0\BudgetControl.Domain.dll" to "bin\Debug\net8.0\BudgetControl.Domain.dll". Beginning retry 4 in 1000ms. The process cannot access the file 'C:\Ideassion\AI Project\BudgetControle\server\src\BudgetControl.API\bin\Debug\net8.0\BudgetControl.Domain.dll' because it is being used by another process. The file is locked by: "BudgetControl.API (31020)" [C:\Ideassion\AI Project\BudgetControle\server\src\BudgetControl.API\BudgetControl.API.csproj]
C:\Program Files\dotnet\sdk\9.0.308\Microsoft.Common.CurrentVersion.targets(5093,5): warning MSB3026: Could not copy "C:\Ideassion\AI Project\BudgetControle\server\src\BudgetControl.Infrastructure\bin\Debug\net8.0\BudgetControl.Infrastructure.dll" to "bin\Debug\net8.0\BudgetControl.Infrastructure.dll". Beginning retry 5 in 1000ms. The process cannot access the file 'C:\Ideassion\AI Project\BudgetControle\server\src\BudgetControl.API\bin\Debug\net8.0\BudgetControl.Infrastructure.dll' because it is being used by another process. The file is locked by: "BudgetControl.API (31020)" [C:\Ideassion\AI Project\BudgetControle\server\src\BudgetControl.API\BudgetControl.API.csproj]
C:\Program Files\dotnet\sdk\9.0.308\Microsoft.Common.CurrentVersion.targets(5093,5): warning MSB3026: Could not copy "C:\Ideassion\AI Project\BudgetControle\server\src\BudgetControl.Domain\bin\Debug\net8.0\BudgetControl.Domain.dll" to "bin\Debug\net8.0\BudgetControl.Domain.dll". Beginning retry 5 in 1000ms. The process cannot access the file 'C:\Ideassion\AI Project\BudgetControle\server\src\BudgetControl.API\bin\Debug\net8.0\BudgetControl.Domain.dll' because it is being used by another process. The file is locked by: "BudgetControl.API (31020)" [C:\Ideassion\AI Project\BudgetControle\server\src\BudgetControl.API\BudgetControl.API.csproj]
C:\Program Files\dotnet\sdk\9.0.308\Microsoft.Common.CurrentVersion.targets(5093,5): warning MSB3026: Could not copy "C:\Ideassion\AI Project\BudgetControle\server\src\BudgetControl.Application\bin\Debug\net8.0\BudgetControl.Application.dll" to "bin\Debug\net8.0\BudgetControl.Application.dll". Beginning retry 5 in 1000ms. The process cannot access the file 'C:\Ideassion\AI Project\BudgetControle\server\src\BudgetControl.API\bin\Debug\net8.0\BudgetControl.Application.dll' because it is being used by another process. The file is locked by: "BudgetControl.API (31020)" [C:\Ideassion\AI Project\BudgetControle\server\src\BudgetControl.API\BudgetControl.API.csproj]
C:\Program Files\dotnet\sdk\9.0.308\Microsoft.Common.CurrentVersion.targets(5093,5): warning MSB3026: Could not copy "C:\Ideassion\AI Project\BudgetControle\server\src\BudgetControl.Infrastructure\bin\Debug\net8.0\BudgetControl.Infrastructure.dll" to "bin\Debug\net8.0\BudgetControl.Infrastructure.dll". Beginning retry 6 in 1000ms. The process cannot access the file 'C:\Ideassion\AI Project\BudgetControle\server\src\BudgetControl.API\bin\Debug\net8.0\BudgetControl.Infrastructure.dll' because it is being used by another process. The file is locked by: "BudgetControl.API (31020)" [C:\Ideassion\AI Project\BudgetControle\server\src\BudgetControl.API\BudgetControl.API.csproj]
C:\Program Files\dotnet\sdk\9.0.308\Microsoft.Common.CurrentVersion.targets(5093,5): warning MSB3026: Could not copy "C:\Ideassion\AI Project\BudgetControle\server\src\BudgetControl.Application\bin\Debug\net8.0\BudgetControl.Application.dll" to "bin\Debug\net8.0\BudgetControl.Application.dll". Beginning retry 6 in 1000ms. The process cannot access the file 'C:\Ideassion\AI Project\BudgetControle\server\src\BudgetControl.API\bin\Debug\net8.0\BudgetControl.Application.dll' because it is being used by another process. The file is locked by: "BudgetControl.API (31020)" [C:\Ideassion\AI Project\BudgetControle\server\src\BudgetControl.API\BudgetControl.API.csproj]
C:\Program Files\dotnet\sdk\9.0.308\Microsoft.Common.CurrentVersion.targets(5093,5): warning MSB3026: Could not copy "C:\Ideassion\AI Project\BudgetControle\server\src\BudgetControl.Domain\bin\Debug\net8.0\BudgetControl.Domain.dll" to "bin\Debug\net8.0\BudgetControl.Domain.dll". Beginning retry 6 in 1000ms. The process cannot access the file 'C:\Ideassion\AI Project\BudgetControle\server\src\BudgetControl.API\bin\Debug\net8.0\BudgetControl.Domain.dll' because it is being used by another process. The file is locked by: "BudgetControl.API (31020)" [C:\Ideassion\AI Project\BudgetControle\server\src\BudgetControl.API\BudgetControl.API.csproj]
C:\Program Files\dotnet\sdk\9.0.308\Microsoft.Common.CurrentVersion.targets(5093,5): warning MSB3026: Could not copy "C:\Ideassion\AI Project\BudgetControle\server\src\BudgetControl.Infrastructure\bin\Debug\net8.0\BudgetControl.Infrastructure.dll" to "bin\Debug\net8.0\BudgetControl.Infrastructure.dll". Beginning retry 7 in 1000ms. The process cannot access the file 'C:\Ideassion\AI Project\BudgetControle\server\src\BudgetControl.API\bin\Debug\net8.0\BudgetControl.Infrastructure.dll' because it is being used by another process. The file is locked by: "BudgetControl.API (31020)" [C:\Ideassion\AI Project\BudgetControle\server\src\BudgetControl.API\BudgetControl.API.csproj]
C:\Program Files\dotnet\sdk\9.0.308\Microsoft.Common.CurrentVersion.targets(5093,5): warning MSB3026: Could not copy "C:\Ideassion\AI Project\BudgetControle\server\src\BudgetControl.Application\bin\Debug\net8.0\BudgetControl.Application.dll" to "bin\Debug\net8.0\BudgetControl.Application.dll". Beginning retry 7 in 1000ms. The process cannot access the file 'C:\Ideassion\AI Project\BudgetControle\server\src\BudgetControl.API\bin\Debug\net8.0\BudgetControl.Application.dll' because it is being used by another process. The file is locked by: "BudgetControl.API (31020)" [C:\Ideassion\AI Project\BudgetControle\server\src\BudgetControl.API\BudgetControl.API.csproj]
C:\Program Files\dotnet\sdk\9.0.308\Microsoft.Common.CurrentVersion.targets(5093,5): warning MSB3026: Could not copy "C:\Ideassion\AI Project\BudgetControle\server\src\BudgetControl.Domain\bin\Debug\net8.0\BudgetControl.Domain.dll" to "bin\Debug\net8.0\BudgetControl.Domain.dll". Beginning retry 7 in 1000ms. The process cannot access the file 'C:\Ideassion\AI Project\BudgetControle\server\src\BudgetControl.API\bin\Debug\net8.0\BudgetControl.Domain.dll' because it is being used by another process. The file is locked by: "BudgetControl.API (31020)" [C:\Ideassion\AI Project\BudgetControle\server\src\BudgetControl.API\BudgetControl.API.csproj]
C:\Program Files\dotnet\sdk\9.0.308\Microsoft.Common.CurrentVersion.targets(5093,5): warning MSB3026: Could not copy "C:\Ideassion\AI Project\BudgetControle\server\src\BudgetControl.Infrastructure\bin\Debug\net8.0\BudgetControl.Infrastructure.dll" to "bin\Debug\net8.0\BudgetControl.Infrastructure.dll". Beginning retry 8 in 1000ms. The process cannot access the file 'C:\Ideassion\AI Project\BudgetControle\server\src\BudgetControl.API\bin\Debug\net8.0\BudgetControl.Infrastructure.dll' because it is being used by another process. The file is locked by: "BudgetControl.API (31020)" [C:\Ideassion\AI Project\BudgetControle\server\src\BudgetControl.API\BudgetControl.API.csproj]
C:\Program Files\dotnet\sdk\9.0.308\Microsoft.Common.CurrentVersion.targets(5093,5): warning MSB3026: Could not copy "C:\Ideassion\AI Project\BudgetControle\server\src\BudgetControl.Domain\bin\Debug\net8.0\BudgetControl.Domain.dll" to "bin\Debug\net8.0\BudgetControl.Domain.dll". Beginning retry 8 in 1000ms. The process cannot access the file 'C:\Ideassion\AI Project\BudgetControle\server\src\BudgetControl.API\bin\Debug\net8.0\BudgetControl.Domain.dll' because it is being used by another process. The file is locked by: "BudgetControl.API (31020)" [C:\Ideassion\AI Project\BudgetControle\server\src\BudgetControl.API\BudgetControl.API.csproj]
C:\Program Files\dotnet\sdk\9.0.308\Microsoft.Common.CurrentVersion.targets(5093,5): warning MSB3026: Could not copy "C:\Ideassion\AI Project\BudgetControle\server\src\BudgetControl.Application\bin\Debug\net8.0\BudgetControl.Application.dll" to "bin\Debug\net8.0\BudgetControl.Application.dll". Beginning retry 8 in 1000ms. The process cannot access the file 'C:\Ideassion\AI Project\BudgetControle\server\src\BudgetControl.API\bin\Debug\net8.0\BudgetControl.Application.dll' because it is being used by another process. The file is locked by: "BudgetControl.API (31020)" [C:\Ideassion\AI Project\BudgetControle\server\src\BudgetControl.API\BudgetControl.API.csproj]
C:\Program Files\dotnet\sdk\9.0.308\Microsoft.Common.CurrentVersion.targets(5093,5): warning MSB3026: Could not copy "C:\Ideassion\AI Project\BudgetControle\server\src\BudgetControl.Infrastructure\bin\Debug\net8.0\BudgetControl.Infrastructure.dll" to "bin\Debug\net8.0\BudgetControl.Infrastructure.dll". Beginning retry 9 in 1000ms. The process cannot access the file 'C:\Ideassion\AI Project\BudgetControle\server\src\BudgetControl.API\bin\Debug\net8.0\BudgetControl.Infrastructure.dll' because it is being used by another process. The file is locked by: "BudgetControl.API (31020)" [C:\Ideassion\AI Project\BudgetControle\server\src\BudgetControl.API\BudgetControl.API.csproj]
C:\Program Files\dotnet\sdk\9.0.308\Microsoft.Common.CurrentVersion.targets(5093,5): warning MSB3026: Could not copy "C:\Ideassion\AI Project\BudgetControle\server\src\BudgetControl.Application\bin\Debug\net8.0\BudgetControl.Application.dll" to "bin\Debug\net8.0\BudgetControl.Application.dll". Beginning retry 9 in 1000ms. The process cannot access the file 'C:\Ideassion\AI Project\BudgetControle\server\src\BudgetControl.API\bin\Debug\net8.0\BudgetControl.Application.dll' because it is being used by another process. The file is locked by: "BudgetControl.API (31020)" [C:\Ideassion\AI Project\BudgetControle\server\src\BudgetControl.API\BudgetControl.API.csproj]
C:\Program Files\dotnet\sdk\9.0.308\Microsoft.Common.CurrentVersion.targets(5093,5): warning MSB3026: Could not copy "C:\Ideassion\AI Project\BudgetControle\server\src\BudgetControl.Domain\bin\Debug\net8.0\BudgetControl.Domain.dll" to "bin\Debug\net8.0\BudgetControl.Domain.dll". Beginning retry 9 in 1000ms. The process cannot access the file 'C:\Ideassion\AI Project\BudgetControle\server\src\BudgetControl.API\bin\Debug\net8.0\BudgetControl.Domain.dll' because it is being used by another process. The file is locked by: "BudgetControl.API (31020)" [C:\Ideassion\AI Project\BudgetControle\server\src\BudgetControl.API\BudgetControl.API.csproj]
C:\Program Files\dotnet\sdk\9.0.308\Microsoft.Common.CurrentVersion.targets(5093,5): warning MSB3026: Could not copy "C:\Ideassion\AI Project\BudgetControle\server\src\BudgetControl.Infrastructure\bin\Debug\net8.0\BudgetControl.Infrastructure.dll" to "bin\Debug\net8.0\BudgetControl.Infrastructure.dll". Beginning retry 10 in 1000ms. The process cannot access the file 'C:\Ideassion\AI Project\BudgetControle\server\src\BudgetControl.API\bin\Debug\net8.0\BudgetControl.Infrastructure.dll' because it is being used by another process. The file is locked by: "BudgetControl.API (31020)" [C:\Ideassion\AI Project\BudgetControle\server\src\BudgetControl.API\BudgetControl.API.csproj]
C:\Program Files\dotnet\sdk\9.0.308\Microsoft.Common.CurrentVersion.targets(5093,5): warning MSB3026: Could not copy "C:\Ideassion\AI Project\BudgetControle\server\src\BudgetControl.Application\bin\Debug\net8.0\BudgetControl.Application.dll" to "bin\Debug\net8.0\BudgetControl.Application.dll". Beginning retry 10 in 1000ms. The process cannot access the file 'C:\Ideassion\AI Project\BudgetControle\server\src\BudgetControl.API\bin\Debug\net8.0\BudgetControl.Application.dll' because it is being used by another process. The file is locked by: "BudgetControl.API (31020)" [C:\Ideassion\AI Project\BudgetControle\server\src\BudgetControl.API\BudgetControl.API.csproj]
C:\Program Files\dotnet\sdk\9.0.308\Microsoft.Common.CurrentVersion.targets(5093,5): warning MSB3026: Could not copy "C:\Ideassion\AI Project\BudgetControle\server\src\BudgetControl.Domain\bin\Debug\net8.0\BudgetControl.Domain.dll" to "bin\Debug\net8.0\BudgetControl.Domain.dll". Beginning retry 10 in 1000ms. The process cannot access the file 'C:\Ideassion\AI Project\BudgetControle\server\src\BudgetControl.API\bin\Debug\net8.0\BudgetControl.Domain.dll' because it is being used by another process. The file is locked by: "BudgetControl.API (31020)" [C:\Ideassion\AI Project\BudgetControle\server\src\BudgetControl.API\BudgetControl.API.csproj]
C:\Program Files\dotnet\sdk\9.0.308\Microsoft.Common.CurrentVersion.targets(5093,5): error MSB3027: Could not copy "C:\Ideassion\AI Project\BudgetControle\server\src\BudgetControl.Infrastructure\bin\Debug\net8.0\BudgetControl.Infrastructure.dll" to "bin\Debug\net8.0\BudgetControl.Infrastructure.dll". Exceeded retry count of 10. Failed. The file is locked by: "BudgetControl.API (31020)" [C:\Ideassion\AI Project\BudgetControle\server\src\BudgetControl.API\BudgetControl.API.csproj]
C:\Program Files\dotnet\sdk\9.0.308\Microsoft.Common.CurrentVersion.targets(5093,5): error MSB3021: Unable to copy file "C:\Ideassion\AI Project\BudgetControle\server\src\BudgetControl.Infrastructure\bin\Debug\net8.0\BudgetControl.Infrastructure.dll" to "bin\Debug\net8.0\BudgetControl.Infrastructure.dll". The process cannot access the file 'C:\Ideassion\AI Project\BudgetControle\server\src\BudgetControl.API\bin\Debug\net8.0\BudgetControl.Infrastructure.dll' because it is being used by another process. [C:\Ideassion\AI Project\BudgetControle\server\src\BudgetControl.API\BudgetControl.API.csproj]
C:\Program Files\dotnet\sdk\9.0.308\Microsoft.Common.CurrentVersion.targets(5093,5): error MSB3027: Could not copy "C:\Ideassion\AI Project\BudgetControle\server\src\BudgetControl.Domain\bin\Debug\net8.0\BudgetControl.Domain.dll" to "bin\Debug\net8.0\BudgetControl.Domain.dll". Exceeded retry count of 10. Failed. The file is locked by: "BudgetControl.API (31020)" [C:\Ideassion\AI Project\BudgetControle\server\src\BudgetControl.API\BudgetControl.API.csproj]
C:\Program Files\dotnet\sdk\9.0.308\Microsoft.Common.CurrentVersion.targets(5093,5): error MSB3021: Unable to copy file "C:\Ideassion\AI Project\BudgetControle\server\src\BudgetControl.Domain\bin\Debug\net8.0\BudgetControl.Domain.dll" to "bin\Debug\net8.0\BudgetControl.Domain.dll". The process cannot access the file 'C:\Ideassion\AI Project\BudgetControle\server\src\BudgetControl.API\bin\Debug\net8.0\BudgetControl.Domain.dll' because it is being used by another process. [C:\Ideassion\AI Project\BudgetControle\server\src\BudgetControl.API\BudgetControl.API.csproj]
C:\Program Files\dotnet\sdk\9.0.308\Microsoft.Common.CurrentVersion.targets(5093,5): error MSB3027: Could not copy "C:\Ideassion\AI Project\BudgetControle\server\src\BudgetControl.Application\bin\Debug\net8.0\BudgetControl.Application.dll" to "bin\Debug\net8.0\BudgetControl.Application.dll". Exceeded retry count of 10. Failed. The file is locked by: "BudgetControl.API (31020)" [C:\Ideassion\AI Project\BudgetControle\server\src\BudgetControl.API\BudgetControl.API.csproj]
C:\Program Files\dotnet\sdk\9.0.308\Microsoft.Common.CurrentVersion.targets(5093,5): error MSB3021: Unable to copy file "C:\Ideassion\AI Project\BudgetControle\server\src\BudgetControl.Application\bin\Debug\net8.0\BudgetControl.Application.dll" to "bin\Debug\net8.0\BudgetControl.Application.dll". The process cannot access the file 'C:\Ideassion\AI Project\BudgetControle\server\src\BudgetControl.API\bin\Debug\net8.0\BudgetControl.Application.dll' because it is being used by another process. [C:\Ideassion\AI Project\BudgetControle\server\src\BudgetControl.API\BudgetControl.API.csproj]
    30 Warning(s)
    6 Error(s)

Time Elapsed 00:00:13.99

Workload updates are available. Run `dotnet workload list` for more information.
