  Determining projects to restore...
  All projects are up-to-date for restore.
  BudgetControl.Domain -> C:\Ideassion\AI Project\BudgetControle\server\src\BudgetControl.Domain\bin\Debug\net8.0\BudgetControl.Domain.dll
  BudgetControl.Application -> C:\Ideassion\AI Project\BudgetControle\server\src\BudgetControl.Application\bin\Debug\net8.0\BudgetControl.Application.dll
C:\Ideassion\AI Project\BudgetControle\server\src\BudgetControl.Infrastructure\Services\ReportService.cs(28,38): error CS0019: Operator '==' cannot be applied to operands of type 'int' and 'Guid' [C:\Ideassion\AI Project\BudgetControle\server\src\BudgetControl.Infrastructure\BudgetControl.Infrastructure.csproj]
C:\Ideassion\AI Project\BudgetControle\server\src\BudgetControl.Infrastructure\Services\DashboardService.cs(53,32): error CS0029: Cannot implicitly convert type 'int' to 'System.Guid' [C:\Ideassion\AI Project\BudgetControle\server\src\BudgetControl.Infrastructure\BudgetControl.Infrastructure.csproj]
C:\Ideassion\AI Project\BudgetControle\server\src\BudgetControl.Infrastructure\Services\ReportService.cs(82,38): error CS0019: Operator '==' cannot be applied to operands of type 'int' and 'Guid' [C:\Ideassion\AI Project\BudgetControle\server\src\BudgetControl.Infrastructure\BudgetControl.Infrastructure.csproj]
C:\Ideassion\AI Project\BudgetControle\server\src\BudgetControl.Infrastructure\Services\DashboardService.cs(126,18): error CS0029: Cannot implicitly convert type 'int' to 'System.Guid' [C:\Ideassion\AI Project\BudgetControle\server\src\BudgetControl.Infrastructure\BudgetControl.Infrastructure.csproj]

Build FAILED.

C:\Ideassion\AI Project\BudgetControle\server\src\BudgetControl.Infrastructure\Services\ReportService.cs(28,38): error CS0019: Operator '==' cannot be applied to operands of type 'int' and 'Guid' [C:\Ideassion\AI Project\BudgetControle\server\src\BudgetControl.Infrastructure\BudgetControl.Infrastructure.csproj]
C:\Ideassion\AI Project\BudgetControle\server\src\BudgetControl.Infrastructure\Services\DashboardService.cs(53,32): error CS0029: Cannot implicitly convert type 'int' to 'System.Guid' [C:\Ideassion\AI Project\BudgetControle\server\src\BudgetControl.Infrastructure\BudgetControl.Infrastructure.csproj]
C:\Ideassion\AI Project\BudgetControle\server\src\BudgetControl.Infrastructure\Services\ReportService.cs(82,38): error CS0019: Operator '==' cannot be applied to operands of type 'int' and 'Guid' [C:\Ideassion\AI Project\BudgetControle\server\src\BudgetControl.Infrastructure\BudgetControl.Infrastructure.csproj]
C:\Ideassion\AI Project\BudgetControle\server\src\BudgetControl.Infrastructure\Services\DashboardService.cs(126,18): error CS0029: Cannot implicitly convert type 'int' to 'System.Guid' [C:\Ideassion\AI Project\BudgetControle\server\src\BudgetControl.Infrastructure\BudgetControl.Infrastructure.csproj]
    0 Warning(s)
    4 Error(s)

Time Elapsed 00:00:01.13

Workload updates are available. Run `dotnet workload list` for more information.
